[32m2026-02-12 13:54:59 +0000[0m - dagster - [34mDEBUG[0m - __ASSET_JOB - a2a18f23-ca6b-4ac6-bc5e-21a816ff5995 - 57215 - LOGS_CAPTURED - Started capturing logs in process (pid: 57215).
[32m2026-02-12 13:54:59 +0000[0m - dagster - [34mDEBUG[0m - __ASSET_JOB - a2a18f23-ca6b-4ac6-bc5e-21a816ff5995 - 57215 - load_lookup_tables_to_s3 - STEP_START - Started execution of step "load_lookup_tables_to_s3".
[32m2026-02-12 13:54:59 +0000[0m - dagster - [34mERROR[0m - [31m__ASSET_JOB - a2a18f23-ca6b-4ac6-bc5e-21a816ff5995 - 57215 - load_lookup_tables_to_s3 - STEP_FAILURE - Execution of step "load_lookup_tables_to_s3" failed.

dagster._core.errors.DagsterExecutionStepExecutionError: Error occurred while executing op "load_lookup_tables_to_s3"::

dagster_quickstart.orm.exceptions.MetadataResolutionError: Failed to query table '_temp_unified_lookup': Binder Error: Referenced column "lookup_type" not found in FROM clause!
Candidate bindings: "product_type", "country", "field_type", "data_type"

LINE 1: SELECT DISTINCT lookup_type FROM _temp_unified_lookup ORDER BY lookup_type
                        ^

Stack Trace:
  File "/Users/adekoyaayomide/Documents/dg-test/dagster-quickstart/venv/lib/python3.14/site-packages/dagster/_core/execution/plan/utils.py", line 57, in op_execution_error_boundary
    yield
  File "/Users/adekoyaayomide/Documents/dg-test/dagster-quickstart/venv/lib/python3.14/site-packages/dagster/_utils/__init__.py", line 394, in iterate_with_context
    next_output = next(iterator)
  File "/Users/adekoyaayomide/Documents/dg-test/dagster-quickstart/venv/lib/python3.14/site-packages/dagster/_core/execution/plan/compute_generator.py", line 135, in _coerce_op_compute_fn_to_iterator
    result = invoke_compute_fn(
        fn, context, kwargs, context_arg_provided, config_arg_class, resource_arg_mapping
    )
  File "/Users/adekoyaayomide/Documents/dg-test/dagster-quickstart/venv/lib/python3.14/site-packages/dagster/_core/execution/plan/compute_generator.py", line 115, in invoke_compute_fn
    return fn(context, **args_to_pass) if context_arg_provided else fn(**args_to_pass)
           ~~^^^^^^^^^^^^^^^^^^^^^^^^^
  File "/Users/adekoyaayomide/Documents/dg-test/dagster-quickstart/dagster_quickstart/assets.py", line 43, in load_lookup_tables_to_s3
    lookup_types_df = s3_operations.query_table(
        table_name, f"SELECT DISTINCT lookup_type FROM {table_name} ORDER BY lookup_type"
    )
  File "/Users/adekoyaayomide/Documents/dg-test/dagster-quickstart/dagster_quickstart/orm/s3_operations.py", line 717, in query_table
    raise MetadataResolutionError(
        f"Failed to query table '{table_name}': {exc}"
    ) from exc

The above exception was caused by the following exception:
_duckdb.BinderException: Binder Error: Referenced column "lookup_type" not found in FROM clause!
Candidate bindings: "product_type", "country", "field_type", "data_type"

LINE 1: SELECT DISTINCT lookup_type FROM _temp_unified_lookup ORDER BY lookup_type
                        ^

Stack Trace:
  File "/Users/adekoyaayomide/Documents/dg-test/dagster-quickstart/dagster_quickstart/orm/s3_operations.py", line 715, in query_table
    return self._connection_handle.execute(select_query).df()
           ~~~~~~~~~~~~~~~~~~~~~~~~~~~~~~~^^^^^^^^^^^^^^
[0m
