[32m2026-02-12 13:43:30 +0000[0m - dagster - [34mDEBUG[0m - __ASSET_JOB - 6912629c-c6d0-4a21-b0ff-8d7c990cad28 - 54308 - LOGS_CAPTURED - Started capturing logs in process (pid: 54308).
[32m2026-02-12 13:43:30 +0000[0m - dagster - [34mDEBUG[0m - __ASSET_JOB - 6912629c-c6d0-4a21-b0ff-8d7c990cad28 - 54308 - load_lookup_tables_to_s3 - STEP_START - Started execution of step "load_lookup_tables_to_s3".
[32m2026-02-12 13:43:31 +0000[0m - dagster - [34mERROR[0m - [31m__ASSET_JOB - 6912629c-c6d0-4a21-b0ff-8d7c990cad28 - 54308 - load_lookup_tables_to_s3 - STEP_FAILURE - Execution of step "load_lookup_tables_to_s3" failed.

dagster._core.errors.DagsterExecutionStepExecutionError: Error occurred while executing op "load_lookup_tables_to_s3"::

dagster_quickstart.orm.exceptions.MetadataResolutionError: Failed to copy table '_temp_unified_lookup' to S3 'control/lookup/data.parquet': Parser Error: syntax error at or near "SELECT"

LINE 2:                 COPY SELECT * FROM _temp_unified_lookup
                             ^

Stack Trace:
  File "/Users/adekoyaayomide/Documents/dg-test/dagster-quickstart/venv/lib/python3.14/site-packages/dagster/_core/execution/plan/utils.py", line 57, in op_execution_error_boundary
    yield
  File "/Users/adekoyaayomide/Documents/dg-test/dagster-quickstart/venv/lib/python3.14/site-packages/dagster/_utils/__init__.py", line 394, in iterate_with_context
    next_output = next(iterator)
  File "/Users/adekoyaayomide/Documents/dg-test/dagster-quickstart/venv/lib/python3.14/site-packages/dagster/_core/execution/plan/compute_generator.py", line 135, in _coerce_op_compute_fn_to_iterator
    result = invoke_compute_fn(
        fn, context, kwargs, context_arg_provided, config_arg_class, resource_arg_mapping
    )
  File "/Users/adekoyaayomide/Documents/dg-test/dagster-quickstart/venv/lib/python3.14/site-packages/dagster/_core/execution/plan/compute_generator.py", line 115, in invoke_compute_fn
    return fn(context, **args_to_pass) if context_arg_provided else fn(**args_to_pass)
           ~~^^^^^^^^^^^^^^^^^^^^^^^^^
  File "/Users/adekoyaayomide/Documents/dg-test/dagster-quickstart/dagster_quickstart/assets.py", line 94, in load_lookup_tables_to_s3
    s3_operations.copy_table_to_s3(table_name, relative_path)
    ~~~~~~~~~~~~~~~~~~~~~~~~~~~~~~^^^^^^^^^^^^^^^^^^^^^^^^^^^
  File "/Users/adekoyaayomide/Documents/dg-test/dagster-quickstart/dagster_quickstart/orm/s3_operations.py", line 432, in copy_table_to_s3
    raise MetadataResolutionError(
        f"Failed to copy table '{table_name}' to S3 '{relative_path}': {exc}"
    ) from exc

The above exception was caused by the following exception:
_duckdb.ParserException: Parser Error: syntax error at or near "SELECT"

LINE 2:                 COPY SELECT * FROM _temp_unified_lookup
                             ^

Stack Trace:
  File "/Users/adekoyaayomide/Documents/dg-test/dagster-quickstart/dagster_quickstart/orm/s3_operations.py", line 429, in copy_table_to_s3
    self._connection_handle.execute(copy_query)
    ~~~~~~~~~~~~~~~~~~~~~~~~~~~~~~~^^^^^^^^^^^^
[0m
